<?xml version="1.0" encoding="UTF-8"?>
<TestRun id="5641098c-62e8-4966-a686-bd2c0c1f4ae2" name="karthik@KARTHIK-PC 2012-06-04 22:40:52" runUser="karthik-PC\karthik" xmlns="http://microsoft.com/schemas/VisualStudio/TeamTest/2010">
  <TestSettings name="Local" id="2b5706e3-69f1-4d1e-95df-a068c9dd7c1d">
    <Description>These are default test settings for a local test run.</Description>
    <Deployment enabled="false" runDeploymentRoot="karthik_KARTHIK-PC 2012-06-04 22_40_52">
      <DeploymentItem filename="D:\WorkGit\SimpleDotImage\SimpleDotImage\bin\Debug\SimpleDotImage.dll" />
    </Deployment>
    <Execution>
      <TestTypeSpecific />
      <AgentRule name="Execution Agents">
      </AgentRule>
    </Execution>
  </TestSettings>
  <Times creation="2012-06-04T22:40:52.0470000-04:00" queuing="2012-06-04T22:40:52.1230000-04:00" start="2012-06-04T22:40:52.1470000-04:00" finish="2012-06-04T22:40:52.9680000-04:00" />
  <ResultSummary outcome="Completed">
    <Counters total="1" executed="1" passed="1" error="0" failed="0" timeout="0" aborted="0" inconclusive="0" passedButRunAborted="0" notRunnable="0" notExecuted="0" disconnected="0" warning="0" completed="0" inProgress="0" pending="0" />
  </ResultSummary>
  <TestDefinitions>
    <UnitTest name="WaterMark_Image_Test" storage="d:\workgit\simpledotimage\simpledotimagetest\bin\debug\simpledotimagetest.dll" id="70e9fe71-2aaf-d066-2d5d-a60d43dda5b3">
      <Execution id="6dc048cb-3c20-4e59-8c51-854bacab4346" />
      <TestMethod codeBase="D:/WorkGit/SimpleDotImage/SimpleDotImageTest/bin/Debug/SimpleDotImageTest.DLL" adapterTypeName="Microsoft.VisualStudio.TestTools.TestTypes.Unit.UnitTestAdapter, Microsoft.VisualStudio.QualityTools.Tips.UnitTest.Adapter, Version=10.0.0.0, Culture=neutral, PublicKeyToken=b03f5f7f11d50a3a" className="SimpleDotImageTest.ImageProcessingTest, SimpleDotImageTest, Version=1.0.0.0, Culture=neutral, PublicKeyToken=null" name="WaterMark_Image_Test" />
    </UnitTest>
  </TestDefinitions>
  <TestLists>
    <TestList name="Results Not in a List" id="8c84fa94-04c1-424b-9868-57a2d4851a1d" />
    <TestList name="All Loaded Results" id="19431567-8539-422a-85d7-44ee4e166bda" />
  </TestLists>
  <TestEntries>
    <TestEntry testId="70e9fe71-2aaf-d066-2d5d-a60d43dda5b3" executionId="6dc048cb-3c20-4e59-8c51-854bacab4346" testListId="8c84fa94-04c1-424b-9868-57a2d4851a1d" />
  </TestEntries>
  <Results>
    <UnitTestResult executionId="6dc048cb-3c20-4e59-8c51-854bacab4346" testId="70e9fe71-2aaf-d066-2d5d-a60d43dda5b3" testName="WaterMark_Image_Test" computerName="KARTHIK-PC" duration="00:00:00.5453230" startTime="2012-06-04T22:40:52.1640000-04:00" endTime="2012-06-04T22:40:52.9440000-04:00" testType="13cdc9d9-ddb5-4fa4-a97d-d965ccfc6d4b" outcome="Passed" testListId="8c84fa94-04c1-424b-9868-57a2d4851a1d" relativeResultsDirectory="6dc048cb-3c20-4e59-8c51-854bacab4346">
    </UnitTestResult>
  </Results>
</TestRun>